// Jest Snapshot v1, https://goo.gl/fbAQLP

exports[`Folder renders the component as expected 1`] = `
<section
  className="notes_section"
>
  <div
    className="folder_notes"
  />
  <a
    href="/add-note"
    onClick={[Function]}
  >
    <button
      className="add_note"
    >
      Add Note
    </button>
  </a>
</section>
`;
